// Jest Snapshot v1, https://goo.gl/fbAQLP

exports[`Pruebas en <Camera /> Renders correctly 1`] = `
<View
  style={
    Object {
      "alignItems": "center",
      "backgroundColor": "#143590",
      "flex": 1,
      "justifyContent": "center",
    }
  }
>
  <Text
    style={
      Object {
        "color": "white",
        "fontSize": 20,
      }
    }
  >
    Solicitando permiso de camara
  </Text>
</View>
`;
