// Jest Snapshot v1, https://goo.gl/fbAQLP

exports[`Pruebas en <CreateProfile /> Renders correctly 1`] = `
<View
  style={
    Object {
      "alignContent": "center",
      "backgroundColor": "#f5f5f5",
      "flex": 1,
      "flexDirection": "column",
      "justifyContent": "flex-start",
      "margin": 10,
    }
  }
>
  <View
    onLayout={[Function]}
    style={
      Array [
        Object {
          "alignContent": "center",
          "backgroundColor": "#f5f5f5",
          "flex": 1,
          "flexDirection": "column",
          "justifyContent": "flex-start",
          "margin": 10,
        },
        Object {
          "paddingBottom": 0,
        },
      ]
    }
  >
    <View
      style={
        Object {
          "alignContent": "center",
          "backgroundColor": "#f5f5f5",
          "flex": 1,
          "flexDirection": "column",
          "justifyContent": "flex-start",
          "margin": 10,
        }
      }
    >
      <View
        style={
          Object {
            "flex": 1,
            "width": "100%",
          }
        }
      >
        <RCTScrollView
          style={
            Object {
              "backgroundColor": "#fefefe",
              "flex": 1,
            }
          }
        >
          <View>
            <View
              style={
                Object {
                  "flex": 1,
                  "justifyContent": "center",
                  "width": "100%",
                }
              }
            >
              <View
                style={
                  Object {
                    "alignItems": "baseline",
                    "flexDirection": "row",
                    "justifyContent": "space-evenly",
                    "marginBottom": 12,
                    "marginTop": 12,
                    "paddingHorizontal": 10,
                  }
                }
              >
                <Text>
                  Titulo: 
                </Text>
                <TextInput
                  allowFontScaling={true}
                  autoCapitalize="none"
                  editable={true}
                  placeholder="Titulo formulario"
                  rejectResponderTermination={true}
                  style={
                    Array [
                      Object {
                        "backgroundColor": "#fff",
                        "borderBottomColor": "#143590",
                        "borderBottomWidth": 1,
                        "height": 40,
                        "marginLeft": 5,
                        "marginTop": 10,
                        "width": "50%",
                      },
                      Object {
                        "color": "black",
                      },
                    ]
                  }
                  underlineColorAndroid="transparent"
                  value=""
                />
              </View>
              <View
                style={
                  Object {
                    "alignItems": "baseline",
                    "flexDirection": "row",
                    "justifyContent": "space-evenly",
                    "marginBottom": 12,
                    "marginTop": 12,
                    "paddingHorizontal": 10,
                  }
                }
              >
                <Text>
                  Nombre: 
                </Text>
                <TextInput
                  allowFontScaling={true}
                  autoCapitalize="none"
                  editable={true}
                  placeholder="Nombre"
                  rejectResponderTermination={true}
                  style={
                    Array [
                      Object {
                        "backgroundColor": "#fff",
                        "borderBottomColor": "#143590",
                        "borderBottomWidth": 1,
                        "height": 40,
                        "marginLeft": 5,
                        "marginTop": 10,
                        "width": "50%",
                      },
                      Object {
                        "color": "black",
                      },
                    ]
                  }
                  underlineColorAndroid="transparent"
                  value=""
                />
              </View>
              <View
                style={
                  Object {
                    "alignItems": "baseline",
                    "flexDirection": "row",
                    "justifyContent": "space-evenly",
                    "marginBottom": 12,
                    "marginTop": 12,
                    "paddingHorizontal": 10,
                  }
                }
              >
                <Text>
                  Apellido: 
                </Text>
                <TextInput
                  allowFontScaling={true}
                  autoCapitalize="none"
                  editable={true}
                  placeholder="Apellido"
                  rejectResponderTermination={true}
                  style={
                    Array [
                      Object {
                        "backgroundColor": "#fff",
                        "borderBottomColor": "#143590",
                        "borderBottomWidth": 1,
                        "height": 40,
                        "marginLeft": 5,
                        "marginTop": 10,
                        "width": "50%",
                      },
                      Object {
                        "color": "black",
                      },
                    ]
                  }
                  underlineColorAndroid="transparent"
                  value=""
                />
              </View>
              <View
                style={
                  Object {
                    "alignItems": "baseline",
                    "flexDirection": "row",
                    "justifyContent": "space-evenly",
                    "marginBottom": 12,
                    "marginTop": 12,
                    "paddingHorizontal": 10,
                  }
                }
              >
                <Text>
                  Edad: 
                </Text>
                <TextInput
                  allowFontScaling={true}
                  autoCapitalize="none"
                  editable={true}
                  placeholder="Edad"
                  rejectResponderTermination={true}
                  style={
                    Array [
                      Object {
                        "backgroundColor": "#fff",
                        "borderBottomColor": "#143590",
                        "borderBottomWidth": 1,
                        "height": 40,
                        "marginLeft": 5,
                        "marginTop": 10,
                        "width": "50%",
                      },
                      Object {
                        "color": "black",
                      },
                    ]
                  }
                  underlineColorAndroid="transparent"
                  value=""
                />
              </View>
              <View
                style={
                  Object {
                    "alignItems": "baseline",
                    "flexDirection": "row",
                    "justifyContent": "space-evenly",
                    "marginBottom": 12,
                    "marginTop": 12,
                    "paddingHorizontal": 10,
                  }
                }
              >
                <Text>
                  DPI: 
                </Text>
                <TextInput
                  allowFontScaling={true}
                  autoCapitalize="none"
                  editable={true}
                  placeholder="DPI"
                  rejectResponderTermination={true}
                  style={
                    Array [
                      Object {
                        "backgroundColor": "#fff",
                        "borderBottomColor": "#143590",
                        "borderBottomWidth": 1,
                        "height": 40,
                        "marginLeft": 5,
                        "marginTop": 10,
                        "width": "50%",
                      },
                      Object {
                        "color": "black",
                      },
                    ]
                  }
                  underlineColorAndroid="transparent"
                  value=""
                />
              </View>
              <View
                style={
                  Object {
                    "alignItems": "baseline",
                    "flexDirection": "row",
                    "justifyContent": "space-evenly",
                    "marginBottom": 12,
                    "marginTop": 12,
                    "paddingHorizontal": 10,
                  }
                }
              >
                <Text>
                  F. nacimiento: 
                </Text>
                <TextInput
                  allowFontScaling={true}
                  autoCapitalize="none"
                  editable={true}
                  placeholder="Fecha de nacimiento"
                  rejectResponderTermination={true}
                  style={
                    Array [
                      Object {
                        "backgroundColor": "#fff",
                        "borderBottomColor": "#143590",
                        "borderBottomWidth": 1,
                        "height": 40,
                        "marginLeft": 5,
                        "marginTop": 10,
                        "width": "50%",
                      },
                      Object {
                        "color": "black",
                      },
                    ]
                  }
                  underlineColorAndroid="transparent"
                  value=""
                />
              </View>
              <View
                style={
                  Object {
                    "alignItems": "baseline",
                    "flexDirection": "row",
                    "justifyContent": "space-evenly",
                    "marginBottom": 12,
                    "marginTop": 12,
                    "paddingHorizontal": 10,
                  }
                }
              >
                <Text>
                  Fumador: 
                </Text>
                <TextInput
                  allowFontScaling={true}
                  autoCapitalize="none"
                  editable={true}
                  placeholder="Fumador"
                  rejectResponderTermination={true}
                  style={
                    Array [
                      Object {
                        "backgroundColor": "#fff",
                        "borderBottomColor": "#143590",
                        "borderBottomWidth": 1,
                        "height": 40,
                        "marginLeft": 5,
                        "marginTop": 10,
                        "width": "50%",
                      },
                      Object {
                        "color": "black",
                      },
                    ]
                  }
                  underlineColorAndroid="transparent"
                  value=""
                />
              </View>
              <View
                style={
                  Object {
                    "alignItems": "baseline",
                    "flexDirection": "row",
                    "justifyContent": "space-evenly",
                    "marginBottom": 12,
                    "marginTop": 12,
                    "paddingHorizontal": 10,
                  }
                }
              >
                <Text>
                  Medicamento: 
                </Text>
                <TextInput
                  allowFontScaling={true}
                  autoCapitalize="none"
                  editable={true}
                  placeholder="Consumes medicamento"
                  rejectResponderTermination={true}
                  style={
                    Array [
                      Object {
                        "backgroundColor": "#fff",
                        "borderBottomColor": "#143590",
                        "borderBottomWidth": 1,
                        "height": 40,
                        "marginLeft": 5,
                        "marginTop": 10,
                        "width": "50%",
                      },
                      Object {
                        "color": "black",
                      },
                    ]
                  }
                  underlineColorAndroid="transparent"
                  value=""
                />
              </View>
              <View
                style={
                  Object {
                    "alignItems": "baseline",
                    "flexDirection": "row",
                    "justifyContent": "space-evenly",
                    "marginBottom": 12,
                    "marginTop": 12,
                    "paddingHorizontal": 10,
                  }
                }
              >
                <Text>
                  Número: 
                </Text>
                <TextInput
                  allowFontScaling={true}
                  autoCapitalize="none"
                  editable={true}
                  placeholder="Embarazada"
                  rejectResponderTermination={true}
                  style={
                    Array [
                      Object {
                        "backgroundColor": "#fff",
                        "borderBottomColor": "#143590",
                        "borderBottomWidth": 1,
                        "height": 40,
                        "marginLeft": 5,
                        "marginTop": 10,
                        "width": "50%",
                      },
                      Object {
                        "color": "black",
                      },
                    ]
                  }
                  underlineColorAndroid="transparent"
                  value=""
                />
              </View>
            </View>
          </View>
        </RCTScrollView>
      </View>
    </View>
    <View
      style={
        Object {
          "alignItems": "center",
          "flexDirection": "row",
          "justifyContent": "center",
        }
      }
    >
      <View
        accessible={true}
        focusable={false}
        onClick={[Function]}
        onResponderGrant={[Function]}
        onResponderMove={[Function]}
        onResponderRelease={[Function]}
        onResponderTerminate={[Function]}
        onResponderTerminationRequest={[Function]}
        onStartShouldSetResponder={[Function]}
        style={
          Object {
            "alignItems": "center",
            "alignSelf": "center",
            "backgroundColor": "#143590",
            "borderRadius": 15,
            "height": 50,
            "justifyContent": "center",
            "margin": 20,
            "marginTop": 20,
            "opacity": 1,
            "width": "30%",
          }
        }
      >
        <Text
          style={
            Object {
              "color": "white",
            }
          }
        >
          Crear
        </Text>
      </View>
    </View>
  </View>
</View>
`;

exports[`Pruebas en <CreateProfile /> Renders correctly withoutParams 1`] = `
<View
  style={
    Object {
      "alignContent": "center",
      "backgroundColor": "#f5f5f5",
      "flex": 1,
      "flexDirection": "column",
      "justifyContent": "flex-start",
      "margin": 10,
    }
  }
>
  <Text>
    No se ha encontrado el formulario
  </Text>
</View>
`;
