// Jest Snapshot v1, https://goo.gl/fbAQLP

exports[`Pruebas en <EditProfile /> Renders correctly 1`] = `
<RCTSafeAreaView
  emulateUnlessSupported={true}
  style={
    Object {
      "alignItems": "center",
      "backgroundColor": "#fff",
      "flex": 1,
      "flexDirection": "column",
      "justifyContent": "flex-start",
    }
  }
>
  <View
    style={
      Object {
        "alignItems": "center",
        "backgroundColor": "white",
        "flex": 0.15,
        "flexDirection": "row",
        "justifyContent": "space-between",
        "width": "90%",
      }
    }
  >
    <View
      style={
        Object {
          "alignItems": "center",
          "backgroundColor": "#fff",
          "flex": 0.9,
          "flexDirection": "row",
        }
      }
    >
      <View
        style={
          Object {
            "left": 10,
          }
        }
      >
        <Image
          source={
            Object {
              "uri": "Photo",
            }
          }
          style={
            Object {
              "borderRadius": 150,
              "height": 50,
              "width": 50,
            }
          }
        />
      </View>
      <View
        style={
          Object {
            "backgroundColor": "#fff",
            "height": "100%",
            "justifyContent": "flex-start",
            "marginLeft": 20,
            "maxWidth": 200,
          }
        }
      >
        <Text
          style={
            Object {
              "fontSize": 16,
              "fontWeight": "bold",
            }
          }
        >
          Nombre
        </Text>
        <Text
          style={
            Object {
              "color": "#616161",
              "fontSize": 13,
            }
          }
        >
          Email
        </Text>
      </View>
    </View>
  </View>
  <View
    style={
      Object {
        "alignItems": "center",
        "backgroundColor": "#fff",
        "flex": 0.5,
        "width": "80%",
      }
    }
  >
    <TextInput
      allowFontScaling={true}
      onChangeText={[Function]}
      placeholder="Usuario"
      rejectResponderTermination={true}
      style={
        Array [
          Object {
            "backgroundColor": "#fff",
            "borderBottomColor": "#143590",
            "borderBottomWidth": 1,
            "height": 40,
            "marginTop": 50,
            "width": "80%",
          },
          Object {
            "marginTop": 20,
          },
        ]
      }
      underlineColorAndroid="transparent"
      value="Nombre"
    />
    <TextInput
      allowFontScaling={true}
      keyboardType="email-address"
      onChangeText={[Function]}
      placeholder="Email"
      rejectResponderTermination={true}
      style={
        Array [
          Object {
            "backgroundColor": "#fff",
            "borderBottomColor": "#143590",
            "borderBottomWidth": 1,
            "height": 40,
            "marginTop": 50,
            "width": "80%",
          },
          Object {
            "marginTop": 20,
          },
        ]
      }
      underlineColorAndroid="transparent"
      value="Email"
    />
    <View
      style={
        Object {
          "alignItems": "center",
          "backgroundColor": "white",
          "borderColor": "white",
          "flexDirection": "row",
          "height": 40,
          "marginTop": 20,
          "width": "80%",
        }
      }
    >
      <TextInput
        allowFontScaling={true}
        autoCapitalize="none"
        autoCorrect={false}
        enablesReturnKeyAutomatically={true}
        name="password"
        onChangeText={[Function]}
        placeholder="Contraseña"
        rejectResponderTermination={true}
        secureTextEntry={true}
        style={
          Object {
            "backgroundColor": "#fff",
            "borderBottomColor": "#143590",
            "borderBottomWidth": 1,
            "height": 40,
            "marginTop": 0,
            "width": "100%",
          }
        }
        textContentType="newPassword"
        underlineColorAndroid="transparent"
        value=""
      />
      <View
        accessible={true}
        collapsable={false}
        focusable={true}
        onBlur={[Function]}
        onClick={[Function]}
        onFocus={[Function]}
        onResponderGrant={[Function]}
        onResponderMove={[Function]}
        onResponderRelease={[Function]}
        onResponderTerminate={[Function]}
        onResponderTerminationRequest={[Function]}
        onStartShouldSetResponder={[Function]}
        style={
          Object {
            "right": 20,
            "top": 0,
          }
        }
      >
        <Text />
      </View>
    </View>
    <View
      style={
        Object {
          "alignItems": "center",
          "backgroundColor": "white",
          "borderColor": "white",
          "flexDirection": "row",
          "height": 40,
          "marginTop": 20,
          "width": "80%",
        }
      }
    >
      <TextInput
        allowFontScaling={true}
        autoCapitalize="none"
        autoCorrect={false}
        enablesReturnKeyAutomatically={true}
        name="password"
        onChangeText={[Function]}
        placeholder="Confirmar Contraseña"
        rejectResponderTermination={true}
        secureTextEntry={true}
        style={
          Object {
            "backgroundColor": "#fff",
            "borderBottomColor": "#143590",
            "borderBottomWidth": 1,
            "height": 40,
            "marginTop": 0,
            "width": "100%",
          }
        }
        textContentType="newPassword"
        underlineColorAndroid="transparent"
        value=""
      />
      <View
        accessible={true}
        collapsable={false}
        focusable={true}
        onBlur={[Function]}
        onClick={[Function]}
        onFocus={[Function]}
        onResponderGrant={[Function]}
        onResponderMove={[Function]}
        onResponderRelease={[Function]}
        onResponderTerminate={[Function]}
        onResponderTerminationRequest={[Function]}
        onStartShouldSetResponder={[Function]}
        style={
          Object {
            "right": 20,
            "top": 0,
          }
        }
      >
        <Text />
      </View>
    </View>
  </View>
  <View
    style={
      Object {
        "alignItems": "center",
        "backgroundColor": "#fff",
        "flex": 0.3,
        "width": "80%",
      }
    }
  >
    <View
      accessible={true}
      focusable={true}
      onClick={[Function]}
      onResponderGrant={[Function]}
      onResponderMove={[Function]}
      onResponderRelease={[Function]}
      onResponderTerminate={[Function]}
      onResponderTerminationRequest={[Function]}
      onStartShouldSetResponder={[Function]}
      style={
        Object {
          "alignItems": "center",
          "backgroundColor": "#143590",
          "borderRadius": 15,
          "color": "#fff",
          "height": 40,
          "justifyContent": "center",
          "opacity": 1,
          "top": 60,
          "width": "80%",
        }
      }
    >
      <Text
        style={
          Object {
            "color": "white",
          }
        }
      >
         Guardar 
      </Text>
    </View>
    <View
      accessible={true}
      focusable={true}
      hitSlop={
        Object {
          "backgroundColor": "red",
        }
      }
      onClick={[Function]}
      onResponderGrant={[Function]}
      onResponderMove={[Function]}
      onResponderRelease={[Function]}
      onResponderTerminate={[Function]}
      onResponderTerminationRequest={[Function]}
      onStartShouldSetResponder={[Function]}
      style={
        Object {
          "alignItems": "center",
          "backgroundColor": "white",
          "borderRadius": 15,
          "color": "#fff",
          "height": 40,
          "justifyContent": "center",
          "marginTop": 20,
          "opacity": 1,
          "top": 60,
          "width": "80%",
        }
      }
    >
      <Text
        style={
          Object {
            "color": "black",
          }
        }
      >
        Volver
      </Text>
    </View>
  </View>
</RCTSafeAreaView>
`;

exports[`Pruebas en <EditProfile /> Renders correctly withoutParams 1`] = `
<View>
  <Text>
    error
  </Text>
</View>
`;
