// Jest Snapshot v1, https://goo.gl/fbAQLP

exports[`Pruebas en <UserInfoView /> Renders correctly 1`] = `
<View
  style={
    Object {
      "alignContent": "center",
      "backgroundColor": "#f5f5f5",
      "flex": 1,
      "flexDirection": "column",
      "justifyContent": "flex-start",
      "margin": 10,
    }
  }
>
  <View
    style={
      Object {
        "alignContent": "center",
        "backgroundColor": "#f5f5f5",
        "flex": 1,
        "flexDirection": "column",
        "justifyContent": "flex-start",
        "margin": 10,
      }
    }
  >
    <View
      style={
        Object {
          "flex": 1,
          "width": "100%",
        }
      }
    >
      <RCTScrollView
        style={
          Object {
            "backgroundColor": "#fefefe",
            "flex": 1,
          }
        }
      >
        <View>
          <View
            style={
              Object {
                "flex": 1,
                "justifyContent": "center",
                "width": "100%",
              }
            }
          >
            <View
              style={
                Object {
                  "flexDirection": "row",
                  "marginRight": 15,
                  "marginTop": 10,
                }
              }
            >
              <Text
                style={
                  Object {
                    "fontSize": 18,
                    "fontWeight": "bold",
                  }
                }
              >
                Titulo:
              </Text>
              <Text
                style={
                  Object {
                    "fontSize": 18,
                    "marginLeft": 15,
                  }
                }
              >
                Titulo
              </Text>
            </View>
            <View
              style={
                Object {
                  "flexDirection": "row",
                  "marginRight": 15,
                  "marginTop": 10,
                }
              }
            >
              <Text
                style={
                  Object {
                    "fontSize": 18,
                    "fontWeight": "bold",
                  }
                }
              >
                F. Creaci√≥n:
              </Text>
              <Text
                style={
                  Object {
                    "fontSize": 18,
                    "marginLeft": 15,
                  }
                }
              >
                Fecha de creacion
              </Text>
            </View>
            <View
              style={
                Object {
                  "flexDirection": "row",
                  "marginRight": 15,
                  "marginTop": 10,
                }
              }
            >
              <Text
                style={
                  Object {
                    "fontSize": 18,
                    "fontWeight": "bold",
                  }
                }
              >
                Nombre:
              </Text>
              <Text
                style={
                  Object {
                    "fontSize": 18,
                    "marginLeft": 15,
                  }
                }
              >
                Nombre
              </Text>
            </View>
            <View
              style={
                Object {
                  "flexDirection": "row",
                  "marginRight": 15,
                  "marginTop": 10,
                }
              }
            >
              <Text
                style={
                  Object {
                    "fontSize": 18,
                    "fontWeight": "bold",
                  }
                }
              >
                Apellido:
              </Text>
              <Text
                style={
                  Object {
                    "fontSize": 18,
                    "marginLeft": 15,
                  }
                }
              >
                Apellido
              </Text>
            </View>
            <View
              style={
                Object {
                  "flexDirection": "row",
                  "marginRight": 15,
                  "marginTop": 10,
                }
              }
            >
              <Text
                style={
                  Object {
                    "fontSize": 18,
                    "fontWeight": "bold",
                  }
                }
              >
                Edad:
              </Text>
              <Text
                style={
                  Object {
                    "fontSize": 18,
                    "marginLeft": 15,
                  }
                }
              >
                Edad
              </Text>
            </View>
            <View
              style={
                Object {
                  "flexDirection": "row",
                  "marginRight": 15,
                  "marginTop": 10,
                }
              }
            >
              <Text
                style={
                  Object {
                    "fontSize": 18,
                    "fontWeight": "bold",
                  }
                }
              >
                DPI:
              </Text>
              <Text
                style={
                  Object {
                    "fontSize": 18,
                    "marginLeft": 15,
                  }
                }
              >
                DPI
              </Text>
            </View>
            <View
              style={
                Object {
                  "flexDirection": "row",
                  "marginRight": 15,
                  "marginTop": 10,
                }
              }
            >
              <Text
                style={
                  Object {
                    "fontSize": 18,
                    "fontWeight": "bold",
                  }
                }
              >
                F. Nacimiento:
              </Text>
              <Text
                style={
                  Object {
                    "fontSize": 18,
                    "marginLeft": 15,
                  }
                }
              >
                Fecha de nacimiento
              </Text>
            </View>
            <View
              style={
                Object {
                  "flexDirection": "row",
                  "marginRight": 15,
                  "marginTop": 10,
                }
              }
            >
              <Text
                style={
                  Object {
                    "fontSize": 18,
                    "fontWeight": "bold",
                  }
                }
              >
                Fumador:
              </Text>
              <Text
                style={
                  Object {
                    "fontSize": 18,
                    "marginLeft": 15,
                  }
                }
              >
                Fumador
              </Text>
            </View>
            <View
              style={
                Object {
                  "flexDirection": "row",
                  "marginRight": 15,
                  "marginTop": 10,
                }
              }
            >
              <Text
                style={
                  Object {
                    "fontSize": 18,
                    "fontWeight": "bold",
                  }
                }
              >
                Medicamento:
              </Text>
              <Text
                style={
                  Object {
                    "fontSize": 18,
                    "marginLeft": 15,
                  }
                }
              >
                Consumes medicamento
              </Text>
            </View>
            <View
              style={
                Object {
                  "flexDirection": "row",
                  "marginRight": 15,
                  "marginTop": 10,
                }
              }
            >
              <Text
                style={
                  Object {
                    "fontSize": 18,
                    "fontWeight": "bold",
                  }
                }
              >
                Embarazada:
              </Text>
              <Text
                style={
                  Object {
                    "fontSize": 18,
                    "marginLeft": 15,
                  }
                }
              >
                Embarazada
              </Text>
            </View>
          </View>
        </View>
      </RCTScrollView>
    </View>
  </View>
</View>
`;

exports[`Pruebas en <UserInfoView /> Renders correctly withoutParams 1`] = `
<View
  style={
    Object {
      "alignContent": "center",
      "backgroundColor": "#f5f5f5",
      "flex": 1,
      "flexDirection": "column",
      "justifyContent": "flex-start",
      "margin": 10,
    }
  }
>
  <Text
    style={
      Object {
        "color": "#FFFF",
        "flex": 1,
        "fontSize": 25,
        "fontStyle": "normal",
        "fontWeight": "bold",
        "textAlign": "center",
      }
    }
  >
    No hay datos
  </Text>
</View>
`;
